C51 COMPILER V9.59.0.0   OLED                                                              07/23/2019 08:51:13 PAGE 1   


C51 COMPILER V9.59.0.0, COMPILATION OF MODULE OLED
OBJECT MODULE PLACED IN oled.obj
COMPILER INVOKED BY: E:\MDK\C51\BIN\C51.EXE SRC\oled.c OPTIMIZE(8,SPEED) BROWSE INCDIR(.\SRC) DEBUG OBJECTEXTEND PRINT(.
                    -\oled.lst) TABS(7) OBJECT(oled.obj)

line level    source

   1          //////////////////////////////////////////////////////////////////////////////////   
   2          //本程序只供学习使用，未经作者许可，不得用于其它任何用途
   3          //中景园电子
   4          //店铺地址：http://shop73023976.taobao.com/?spm=2013.1.0.0.M4PqC2
   5          //
   6          //  文 件 名   : main.c
   7          //  版 本 号   : v2.0
   8          //  作    者   : HuangKai
   9          //  生成日期   : 2014-0101
  10          //  最近修改   : 
  11          //  功能描述   : OLED 4接口演示例程(51系列)
  12          //              说明: 
  13          //              ----------------------------------------------------------------
  14          //              GND    电源地
  15          //              VCC  接5V或3.3v电源
  16          //              D0   P1^0（SCL）
  17          //              D1   P1^1（SDA）
  18          //              RES  接P12
  19          //              DC   接P13
  20          //              CS   接P14               
  21          //              ----------------------------------------------------------------
  22          // 修改历史   :
  23          // 日    期   : 
  24          // 作    者   : HuangKai
  25          // 修改内容   : 创建文件
  26          //版权所有，盗版必究。
  27          //Copyright(C) 中景园电子2014/3/16
  28          //All rights reserved
  29          //******************************************************************************/。
  30          #include "oled.h"
  31          //#include "stdlib.h"
  32          #include "oledfont.h"  
  33          #include "sc92f732x_c.h"
  34          //#include "delay.h"
  35          //OLED的显存
  36          //存放格式如下.
  37          //[0]0 1 2 3 ... 127 
  38          //[1]0 1 2 3 ... 127 
  39          //[2]0 1 2 3 ... 127 
  40          //[3]0 1 2 3 ... 127 
  41          //[4]0 1 2 3 ... 127 
  42          //[5]0 1 2 3 ... 127 
  43          //[6]0 1 2 3 ... 127 
  44          //[7]0 1 2 3 ... 127                         
  45          void delay_ms(unsigned int ms)
  46          {                         
  47   1             unsigned int a;
  48   1             while(ms)
  49   1             {
  50   2                    a=1800;
  51   2                    while(a--);
  52   2                    ms--;
  53   2             }
  54   1             return;
C51 COMPILER V9.59.0.0   OLED                                                              07/23/2019 08:51:13 PAGE 2   

  55   1      }
  56          #if OLED_MODE==1
              //向SSD1106写入一个字节。
              //dat:要写入的数据/命令
              //cmd:数据/命令标志 0,表示命令;1,表示数据;
              void OLED_WR_Byte(u8 dat,u8 cmd)
              {
                     DATAOUT(dat);     
                     if(cmd)
                       OLED_DC_Set();
                     else 
                       OLED_DC_Clr();               
                     OLED_CS_Clr();
                     OLED_WR_Clr();        
                     OLED_WR_Set();
                     OLED_CS_Set();         
                     OLED_DC_Set();        
              }                 
              #else
  74          //向SSD1306写入一个字节。
  75          //dat:要写入的数据/命令
  76          //cmd:数据/命令标志 0,表示命令;1,表示数据;
  77          void OLED_WR_Byte(u8 dat,u8 cmd)
  78          {      
  79   1             u8 i;                  
  80   1             if(cmd)
  81   1               OLED_DC_Set();
  82   1             else 
  83   1               OLED_DC_Clr();              
  84   1             OLED_CS_Clr();
  85   1             for(i=0;i<8;i++)
  86   1             {                      
  87   2                    OLED_SCLK_Clr();
  88   2                    if(dat&0x80)
  89   2                           {
  90   3                       OLED_SDIN_Set();
  91   3                           }
  92   2      else
  93   2                       OLED_SDIN_Clr();
  94   2                                  OLED_SCLK_Set();
  95   2                    dat<<=1;   
  96   2             }                                           
  97   1             OLED_CS_Set();
  98   1             OLED_DC_Set();         
  99   1      } 
 100          #endif
 101                 void OLED_Set_Pos(unsigned char x, unsigned char y) 
 102          { 
 103   1             OLED_WR_Byte(0xb0+y,OLED_CMD);
 104   1             OLED_WR_Byte(((x&0xf0)>>4)|0x10,OLED_CMD);
 105   1             OLED_WR_Byte((x&0x0f)|0x01,OLED_CMD); 
 106   1      }        
 107          //开启OLED显示    
 108          void OLED_Display_On(void)
 109          {
 110   1             OLED_WR_Byte(0X8D,OLED_CMD);  //SET DCDC命令
 111   1             OLED_WR_Byte(0X14,OLED_CMD);  //DCDC ON
 112   1             OLED_WR_Byte(0XAF,OLED_CMD);  //DISPLAY ON
 113   1      }
 114          //关闭OLED显示     
 115          void OLED_Display_Off(void)
 116          {
C51 COMPILER V9.59.0.0   OLED                                                              07/23/2019 08:51:13 PAGE 3   

 117   1             OLED_WR_Byte(0X8D,OLED_CMD);  //SET DCDC命令
 118   1             OLED_WR_Byte(0X10,OLED_CMD);  //DCDC OFF
 119   1             OLED_WR_Byte(0XAE,OLED_CMD);  //DISPLAY OFF
 120   1      }                                   
 121          //清屏函数,清完屏,整个屏幕是黑色的!和没点亮一样!!!        
 122          void OLED_Clear(void)  
 123          {  
 124   1             u8 i,n;                  
 125   1             for(i=0;i<8;i++)  
 126   1             {  
 127   2                    OLED_WR_Byte (0xb0+i,OLED_CMD);    //设置页地址（0~7）
 128   2                    OLED_WR_Byte (0x00,OLED_CMD);      //设置显示位置—列低地址
 129   2                    OLED_WR_Byte (0x10,OLED_CMD);      //设置显示位置—列高地址   
 130   2                    for(n=0;n<128;n++)OLED_WR_Byte(0,OLED_DATA); 
 131   2             } //更新显示
 132   1      }
 133          
 134          
 135          //在指定位置显示一个字符,包括部分字符
 136          //x:0~127
 137          //y:0~63
 138          //mode:0,反白显示;1,正常显示                             
 139          //size:选择字体 16/12 
 140          void OLED_ShowChar(u8 x,u8 y,u8 chr)
 141          {             
 142   1             unsigned char c=0,i=0;      
 143   1                    c=chr-' ';//得到偏移后的值                
 144   1                    if(x>Max_Column-1){x=0;y=y+2;}
 145   1                    if(SIZE ==16)
 146   1                           {
 147   2                           OLED_Set_Pos(x,y);   
 148   2                           for(i=0;i<8;i++)
 149   2                           OLED_WR_Byte(F8X16[c*16+i],OLED_DATA);
 150   2                           OLED_Set_Pos(x,y+1);
 151   2                           for(i=0;i<8;i++)
 152   2                           OLED_WR_Byte(F8X16[c*16+i+8],OLED_DATA);
 153   2                           }
 154   1                           else { 
 155   2                                  OLED_Set_Pos(x,y+1);
 156   2                                  for(i=0;i<6;i++)
 157   2                                  OLED_WR_Byte(F6x8[c][i],OLED_DATA);
 158   2                                  
 159   2                           }
 160   1      }
 161          //m^n函数
 162          u32 oled_pow(u8 m,u8 n)
 163          {
 164   1             u32 result=1;  
 165   1             while(n--)result*=m;    
 166   1             return result;
 167   1      }                             
 168          //显示2个数字
 169          //x,y :起点坐标       
 170          //len :数字的位数
 171          //size:字体大小
 172          //mode:模式   0,填充模式;1,叠加模式
 173          //num:数值(0~4294967295);                   
 174          void OLED_ShowNum(u8 x,u8 y,u32 num,u8 len,u8 size2)
 175          {             
 176   1             u8 t,temp;
 177   1             u8 enshow=0;                                        
 178   1             for(t=0;t<len;t++)
C51 COMPILER V9.59.0.0   OLED                                                              07/23/2019 08:51:13 PAGE 4   

 179   1             {
 180   2                    temp=(num/oled_pow(10,len-t-1))%10;
 181   2                    if(enshow==0&&t<(len-1))
 182   2                    {
 183   3                           if(temp==0)
 184   3                           {
 185   4                                  OLED_ShowChar(x+(size2/2)*t,y,' ');
 186   4                                  continue;
 187   4                           }else enshow=1; 
 188   3                            
 189   3                    }
 190   2                    OLED_ShowChar(x+(size2/2)*t,y,temp+'0'); 
 191   2             }
 192   1      } 
 193          //显示一个字符号串
 194          void OLED_ShowString(u8 x,u8 y,u8 *chr)
 195          {
 196   1             unsigned char j=0;
 197   1             while (chr[j]!='\0')
 198   1             {             OLED_ShowChar(x,y,chr[j]);
 199   2                           x+=8;
 200   2                    if(x>120){x=0;y+=2;}
 201   2                           j++;
 202   2             }
 203   1      }
 204          //显示汉字
 205          void OLED_ShowCHinese(u8 x,u8 y,u8 no)
 206          {                               
 207   1             u8 t,adder=0;
 208   1             OLED_Set_Pos(x,y);   
 209   1          for(t=0;t<16;t++)
 210   1                    {
 211   2                                  OLED_WR_Byte(Hzk[2*no][t],OLED_DATA);
 212   2                                  adder+=1;
 213   2           } 
 214   1                    OLED_Set_Pos(x,y+1); 
 215   1          for(t=0;t<16;t++)
 216   1                           {      
 217   2                                  OLED_WR_Byte(Hzk[2*no+1][t],OLED_DATA);
 218   2                                  adder+=1;
 219   2            }                                   
 220   1      }
 221          /***********功能描述：显示显示BMP图片128×64起始点坐标(x,y),x的范围0～127，y为页的范围0～7****************
             -*/
 222          void OLED_DrawBMP(unsigned char x0, unsigned char y0,unsigned char x1, unsigned char y1,unsigned char BMP[
             -])
 223          {      
 224   1       unsigned int j=0;
 225   1       unsigned char x,y;
 226   1        
 227   1        if(y1%8==0) y=y1/8;      
 228   1        else y=y1/8+1;
 229   1             for(y=y0;y<y1;y++)
 230   1             {
 231   2                    OLED_Set_Pos(x0,y);
 232   2          for(x=x0;x<x1;x++)
 233   2                 {      
 234   3                    OLED_WR_Byte(BMP[j++],OLED_DATA);         
 235   3                 }
 236   2             }
 237   1      } 
 238          
C51 COMPILER V9.59.0.0   OLED                                                              07/23/2019 08:51:13 PAGE 5   

 239          
 240          //初始化SSD1306                                      
 241          void OLED_Init(void)
 242          {
 243   1       
 244   1      
 245   1             P2CON |= 0X33;
 246   1             P2PH  &= ~0X33;
 247   1             OLED_RST_Set();
 248   1             delay_ms(100);
 249   1             OLED_RST_Clr();
 250   1             delay_ms(100);
 251   1             OLED_RST_Set(); 
 252   1             /*                            
 253   1             OLED_WR_Byte(0xAE,OLED_CMD);//--turn off oled panel
 254   1             OLED_WR_Byte(0x00,OLED_CMD);//---set low column address
 255   1             OLED_WR_Byte(0x10,OLED_CMD);//---set high column address
 256   1             OLED_WR_Byte(0x40,OLED_CMD);//--set start line address  Set Mapping RAM Display Start Line (0x00~0x3F)
 257   1             OLED_WR_Byte(0x81,OLED_CMD);//--set contrast control register
 258   1             OLED_WR_Byte(0xCF,OLED_CMD); // Set SEG Output Current Brightness
 259   1             OLED_WR_Byte(0xA1,OLED_CMD);//--Set SEG/Column Mapping     0xa0左右反置 0xa1正常
 260   1             OLED_WR_Byte(0xC8,OLED_CMD);//Set COM/Row Scan Direction   0xc0上下反置 0xc8正常
 261   1             OLED_WR_Byte(0xA6,OLED_CMD);//--set normal display
 262   1             OLED_WR_Byte(0xA8,OLED_CMD);//--set multiplex ratio(1 to 64)
 263   1             OLED_WR_Byte(0x3f,OLED_CMD);//--1/64 duty
 264   1             OLED_WR_Byte(0xD3,OLED_CMD);//-set display offset       Shift Mapping RAM Counter (0x00~0x3F)
 265   1             OLED_WR_Byte(0x00,OLED_CMD);//-not offset
 266   1             OLED_WR_Byte(0xd5,OLED_CMD);//--set display clock divide ratio/oscillator frequency
 267   1             OLED_WR_Byte(0x80,OLED_CMD);//--set divide ratio, Set Clock as 100 Frames/Sec
 268   1             OLED_WR_Byte(0xD9,OLED_CMD);//--set pre-charge period
 269   1             OLED_WR_Byte(0xF1,OLED_CMD);//Set Pre-Charge as 15 Clocks & Discharge as 1 Clock
 270   1             OLED_WR_Byte(0xDA,OLED_CMD);//--set com pins hardware configuration
 271   1             OLED_WR_Byte(0x12,OLED_CMD);
 272   1             OLED_WR_Byte(0xDB,OLED_CMD);//--set vcomh
 273   1             OLED_WR_Byte(0x40,OLED_CMD);//Set VCOM Deselect Level
 274   1             OLED_WR_Byte(0x20,OLED_CMD);//-Set Page Addressing Mode (0x00/0x01/0x02)
 275   1             OLED_WR_Byte(0x02,OLED_CMD);//
 276   1             OLED_WR_Byte(0x8D,OLED_CMD);//--set Charge Pump enable/disable
 277   1             OLED_WR_Byte(0x14,OLED_CMD);//--set(0x10) disable
 278   1             OLED_WR_Byte(0xA4,OLED_CMD);// Disable Entire Display On (0xa4/0xa5)
 279   1             OLED_WR_Byte(0xA6,OLED_CMD);// Disable Inverse Display On (0xa6/a7) 
 280   1             OLED_WR_Byte(0xAF,OLED_CMD);//--turn on oled panel
 281   1             */
 282   1      
 283   1             OLED_WR_Byte(0xAE,OLED_CMD);//--turn off oled panel
 284   1             OLED_WR_Byte(0x00,OLED_CMD);//---set low column address
 285   1             OLED_WR_Byte(0x10,OLED_CMD);//---set high column address
 286   1             OLED_WR_Byte(0x40,OLED_CMD);//--set start line address  Set Mapping RAM Display Start Line (0x00~0x3F)
 287   1             OLED_WR_Byte(0x81,OLED_CMD);//--set contrast control register
 288   1             OLED_WR_Byte(0xCF,OLED_CMD); // Set SEG Output Current Brightness
 289   1             OLED_WR_Byte(0xA1,OLED_CMD);//--Set SEG/Column Mapping     0xa0左右反置 0xa1正常
 290   1             OLED_WR_Byte(0xC8,OLED_CMD);//Set COM/Row Scan Direction   0xc0上下反置 0xc8正常
 291   1             OLED_WR_Byte(0xA6,OLED_CMD);//--set normal display
 292   1             OLED_WR_Byte(0xA8,OLED_CMD);//--set multiplex ratio(1 to 64)
 293   1             OLED_WR_Byte(0x3f,OLED_CMD);//--1/64 duty
 294   1             OLED_WR_Byte(0xD3,OLED_CMD);//-set display offset       Shift Mapping RAM Counter (0x00~0x3F)
 295   1             OLED_WR_Byte(0x00,OLED_CMD);//-not offset
 296   1             OLED_WR_Byte(0xd5,OLED_CMD);//--set display clock divide ratio/oscillator frequency
 297   1             OLED_WR_Byte(0x80,OLED_CMD);//--set divide ratio, Set Clock as 100 Frames/Sec
 298   1             OLED_WR_Byte(0xD9,OLED_CMD);//--set pre-charge period
 299   1             OLED_WR_Byte(0xF1,OLED_CMD);//Set Pre-Charge as 15 Clocks & Discharge as 1 Clock
 300   1             OLED_WR_Byte(0xDA,OLED_CMD);//--set com pins hardware configuration
C51 COMPILER V9.59.0.0   OLED                                                              07/23/2019 08:51:13 PAGE 6   

 301   1             OLED_WR_Byte(0x12,OLED_CMD);
 302   1             OLED_WR_Byte(0xDB,OLED_CMD);//--set vcomh
 303   1             OLED_WR_Byte(0x40,OLED_CMD);//Set VCOM Deselect Level
 304   1             OLED_WR_Byte(0x20,OLED_CMD);//-Set Page Addressing Mode (0x00/0x01/0x02)
 305   1             OLED_WR_Byte(0x02,OLED_CMD);//
 306   1             OLED_WR_Byte(0x8D,OLED_CMD);//--set Charge Pump enable/disable
 307   1             OLED_WR_Byte(0x14,OLED_CMD);//--set(0x10) disable
 308   1             OLED_WR_Byte(0xA4,OLED_CMD);// Disable Entire Display On (0xa4/0xa5)
 309   1             OLED_WR_Byte(0xA6,OLED_CMD);// Disable Inverse Display On (0xa6/a7) 
 310   1             OLED_WR_Byte(0xAF,OLED_CMD);//--turn on oled panel
 311   1             
 312   1             OLED_WR_Byte(0xAF,OLED_CMD); /*display ON*/ 
 313   1             OLED_Clear();
 314   1             OLED_Set_Pos(0,0);   
 315   1      }  
 316          
*** WARNING C294 IN LINE 155 OF SRC\oled.c: unreachable code


MODULE INFORMATION:   STATIC OVERLAYABLE
   CODE SIZE        =    909    ----
   CONSTANT SIZE    =   2520    ----
   XDATA SIZE       =   ----    ----
   PDATA SIZE       =   ----    ----
   DATA SIZE        =   ----      27
   IDATA SIZE       =   ----    ----
   BIT SIZE         =   ----    ----
END OF MODULE INFORMATION.


C51 COMPILATION COMPLETE.  1 WARNING(S),  0 ERROR(S)
